Scenario 4: weather=True accident=True occlusion=True

=== S4 Active Inference: 100 seeds ===
 Retrying in 1 seconds
  S4 ai  seed=  1  cum_idle=   72676  sw=286  (8.6s)
 Retrying in 1 seconds
  S4 ai  seed=  2  cum_idle=   73249  sw=270  (8.7s)
 Retrying in 1 seconds
  S4 ai  seed=  3  cum_idle=   27578  sw=272  (8.6s)
 Retrying in 1 seconds
  S4 ai  seed=  4  cum_idle=   40444  sw=265  (8.7s)
 Retrying in 1 seconds
  S4 ai  seed=  5  cum_idle=   73974  sw=271  (8.7s)
 Retrying in 1 seconds
  S4 ai  seed=  6  cum_idle=   80766  sw=272  (8.6s)
 Retrying in 1 seconds
  S4 ai  seed=  7  cum_idle=   24651  sw=276  (8.6s)
 Retrying in 1 seconds
  S4 ai  seed=  8  cum_idle=   46569  sw=278  (8.6s)
 Retrying in 1 seconds
  S4 ai  seed=  9  cum_idle=   71066  sw=290  (8.6s)
 Retrying in 1 seconds
  S4 ai  seed= 10  cum_idle=   69052  sw=283  (8.6s)
 Retrying in 1 seconds
  S4 ai  seed= 11  cum_idle=   67484  sw=276  (8.7s)
 Retrying in 1 seconds
  S4 ai  seed= 12  cum_idle=   28779  sw=272  (8.6s)
 Retrying in 1 seconds
  S4 ai  seed= 13  cum_idle=   71188  sw=278  (8.6s)
 Retrying in 1 seconds
  S4 ai  seed= 14  cum_idle=   33554  sw=277  (8.5s)
 Retrying in 1 seconds
  S4 ai  seed= 15  cum_idle=   35082  sw=284  (8.5s)
 Retrying in 1 seconds
  S4 ai  seed= 16  cum_idle=   69394  sw=271  (8.6s)
 Retrying in 1 seconds
  S4 ai  seed= 17  cum_idle=   65657  sw=288  (8.6s)
 Retrying in 1 seconds
  S4 ai  seed= 18  cum_idle=   32672  sw=275  (8.6s)
 Retrying in 1 seconds
  S4 ai  seed= 19  cum_idle=   78312  sw=272  (8.6s)
 Retrying in 1 seconds
  S4 ai  seed= 20  cum_idle=   28428  sw=282  (8.6s)
 Retrying in 1 seconds
  S4 ai  seed= 21  cum_idle=   23395  sw=282  (8.5s)
 Retrying in 1 seconds
  S4 ai  seed= 22  cum_idle=   23394  sw=276  (8.6s)
 Retrying in 1 seconds
  S4 ai  seed= 23  cum_idle=   64757  sw=273  (8.7s)
 Retrying in 1 seconds
  S4 ai  seed= 24  cum_idle=   41069  sw=273  (8.6s)
 Retrying in 1 seconds
  S4 ai  seed= 25  cum_idle=   67520  sw=290  (8.7s)
 Retrying in 1 seconds
  S4 ai  seed= 26  cum_idle=   75426  sw=281  (8.7s)
 Retrying in 1 seconds
  S4 ai  seed= 27  cum_idle=   72176  sw=277  (8.7s)
 Retrying in 1 seconds
  S4 ai  seed= 28  cum_idle=   80510  sw=279  (8.6s)
 Retrying in 1 seconds
  S4 ai  seed= 29  cum_idle=   67950  sw=290  (8.5s)
 Retrying in 1 seconds
  S4 ai  seed= 30  cum_idle=   70415  sw=282  (10.8s)
 Retrying in 1 seconds
  S4 ai  seed= 31  cum_idle=   30178  sw=270  (8.4s)
 Retrying in 1 seconds
  S4 ai  seed= 32  cum_idle=   92634  sw=264  (8.6s)
 Retrying in 1 seconds
  S4 ai  seed= 33  cum_idle=   77978  sw=274  (8.5s)
 Retrying in 1 seconds
  S4 ai  seed= 34  cum_idle=   67830  sw=280  (8.5s)
 Retrying in 1 seconds
  S4 ai  seed= 35  cum_idle=   43184  sw=280  (8.5s)
 Retrying in 1 seconds
  S4 ai  seed= 36  cum_idle=   31641  sw=284  (8.4s)
 Retrying in 1 seconds
  S4 ai  seed= 37  cum_idle=   34066  sw=287  (8.4s)
 Retrying in 1 seconds
  S4 ai  seed= 38  cum_idle=   67036  sw=271  (8.5s)
 Retrying in 1 seconds
  S4 ai  seed= 39  cum_idle=   73472  sw=272  (8.5s)
 Retrying in 1 seconds
  S4 ai  seed= 40  cum_idle=   68325  sw=283  (8.8s)
 Retrying in 1 seconds
  S4 ai  seed= 41  cum_idle=   26221  sw=274  (8.5s)
 Retrying in 1 seconds
  S4 ai  seed= 42  cum_idle=   88254  sw=274  (8.6s)
 Retrying in 1 seconds
  S4 ai  seed= 43  cum_idle=   29160  sw=284  (8.5s)
 Retrying in 1 seconds
  S4 ai  seed= 44  cum_idle=   30362  sw=289  (8.6s)
 Retrying in 1 seconds
  S4 ai  seed= 45  cum_idle=   40803  sw=276  (8.5s)
 Retrying in 1 seconds
  S4 ai  seed= 46  cum_idle=   72527  sw=270  (9.4s)
 Retrying in 1 seconds
  S4 ai  seed= 47  cum_idle=   70891  sw=278  (9.7s)
 Retrying in 1 seconds
  S4 ai  seed= 48  cum_idle=   67389  sw=280  (9.8s)
 Retrying in 1 seconds
  S4 ai  seed= 49  cum_idle=   78334  sw=292  (10.1s)
 Retrying in 1 seconds
  S4 ai  seed= 50  cum_idle=   29369  sw=280  (9.6s)
 Retrying in 1 seconds
  S4 ai  seed= 51  cum_idle=   67458  sw=284  (9.3s)
 Retrying in 1 seconds
  S4 ai  seed= 52  cum_idle=   31934  sw=277  (8.9s)
 Retrying in 1 seconds
  S4 ai  seed= 53  cum_idle=   72221  sw=281  (9.1s)
 Retrying in 1 seconds
  S4 ai  seed= 54  cum_idle=   26943  sw=276  (9.0s)
 Retrying in 1 seconds
  S4 ai  seed= 55  cum_idle=   76076  sw=283  (8.8s)
 Retrying in 1 seconds
  S4 ai  seed= 56  cum_idle=   75460  sw=278  (9.0s)
 Retrying in 1 seconds
  S4 ai  seed= 57  cum_idle=   65494  sw=278  (8.7s)
 Retrying in 1 seconds
  S4 ai  seed= 58  cum_idle=   94176  sw=272  (8.6s)
 Retrying in 1 seconds
  S4 ai  seed= 59  cum_idle=   75452  sw=281  (8.6s)
 Retrying in 1 seconds
  S4 ai  seed= 60  cum_idle=   38057  sw=280  (8.9s)
 Retrying in 1 seconds
  S4 ai  seed= 61  cum_idle=   31282  sw=267  (9.0s)
 Retrying in 1 seconds
  S4 ai  seed= 62  cum_idle=   75731  sw=272  (8.7s)
 Retrying in 1 seconds
  S4 ai  seed= 63  cum_idle=   67102  sw=268  (8.7s)
 Retrying in 1 seconds
  S4 ai  seed= 64  cum_idle=   67637  sw=271  (8.5s)
 Retrying in 1 seconds
  S4 ai  seed= 65  cum_idle=   70391  sw=289  (8.6s)
 Retrying in 1 seconds
  S4 ai  seed= 66  cum_idle=   68983  sw=283  (8.5s)
 Retrying in 1 seconds
  S4 ai  seed= 67  cum_idle=   69150  sw=299  (8.8s)
 Retrying in 1 seconds
  S4 ai  seed= 68  cum_idle=   67130  sw=276  (8.8s)
 Retrying in 1 seconds
  S4 ai  seed= 69  cum_idle=   87416  sw=274  (8.6s)
 Retrying in 1 seconds
  S4 ai  seed= 70  cum_idle=   70863  sw=275  (9.1s)
 Retrying in 1 seconds
  S4 ai  seed= 71  cum_idle=   19752  sw=278  (8.7s)
 Retrying in 1 seconds
  S4 ai  seed= 72  cum_idle=   38348  sw=282  (8.7s)
 Retrying in 1 seconds
  S4 ai  seed= 73  cum_idle=   29823  sw=278  (8.7s)
 Retrying in 1 seconds
  S4 ai  seed= 74  cum_idle=   73362  sw=270  (8.7s)
 Retrying in 1 seconds
  S4 ai  seed= 75  cum_idle=   34227  sw=277  (8.6s)
 Retrying in 1 seconds
  S4 ai  seed= 76  cum_idle=   67830  sw=281  (8.7s)
 Retrying in 1 seconds
  S4 ai  seed= 77  cum_idle=   34337  sw=276  (8.6s)
 Retrying in 1 seconds
  S4 ai  seed= 78  cum_idle=   67245  sw=276  (8.6s)
 Retrying in 1 seconds
  S4 ai  seed= 79  cum_idle=   37337  sw=275  (8.6s)
 Retrying in 1 seconds
  S4 ai  seed= 80  cum_idle=   28676  sw=262  (8.5s)
 Retrying in 1 seconds
  S4 ai  seed= 81  cum_idle=   20482  sw=279  (8.6s)
 Retrying in 1 seconds
  S4 ai  seed= 82  cum_idle=   62511  sw=288  (9.0s)
 Retrying in 1 seconds
  S4 ai  seed= 83  cum_idle=   68582  sw=279  (9.0s)
 Retrying in 1 seconds
  S4 ai  seed= 84  cum_idle=   85895  sw=274  (8.9s)
 Retrying in 1 seconds
  S4 ai  seed= 85  cum_idle=   80902  sw=283  (9.1s)
 Retrying in 1 seconds
  S4 ai  seed= 86  cum_idle=   71625  sw=284  (8.6s)
 Retrying in 1 seconds
  S4 ai  seed= 87  cum_idle=   71858  sw=274  (8.5s)
 Retrying in 1 seconds
  S4 ai  seed= 88  cum_idle=   66612  sw=282  (8.6s)
 Retrying in 1 seconds
  S4 ai  seed= 89  cum_idle=   73352  sw=284  (8.5s)
 Retrying in 1 seconds
  S4 ai  seed= 90  cum_idle=   23088  sw=267  (8.5s)
 Retrying in 1 seconds
  S4 ai  seed= 91  cum_idle=   40141  sw=277  (8.5s)
 Retrying in 1 seconds
  S4 ai  seed= 92  cum_idle=   69912  sw=279  (8.5s)
 Retrying in 1 seconds
  S4 ai  seed= 93  cum_idle=   65150  sw=291  (8.5s)
 Retrying in 1 seconds
  S4 ai  seed= 94  cum_idle=   66840  sw=270  (8.5s)
 Retrying in 1 seconds
  S4 ai  seed= 95  cum_idle=   24747  sw=268  (8.4s)
 Retrying in 1 seconds
  S4 ai  seed= 96  cum_idle=   92243  sw=289  (8.6s)
 Retrying in 1 seconds
  S4 ai  seed= 97  cum_idle=   25532  sw=273  (8.5s)
 Retrying in 1 seconds
  S4 ai  seed= 98  cum_idle=   36310  sw=288  (9.0s)
 Retrying in 1 seconds
  S4 ai  seed= 99  cum_idle=   82066  sw=288  (9.0s)
 Retrying in 1 seconds
  S4 ai  seed=100  cum_idle=   43153  sw=268  (9.1s)

Wrote /Users/edwin/Downloads/WF_IoT_AIF_for_TSC/sumo_repo/results_aih/traces_s4.csv and /Users/edwin/Downloads/WF_IoT_AIF_for_TSC/sumo_repo/results_aih/summary_s4.csv (total elapsed: 14.6 min)
